<!DOCTYPE html>
<html lang="en">
  <head>
    <meta charset="utf-8" />
    <title>ClientKit</title>
    <link rel="stylesheet" href="dist/clientkit.css"/>
  </head>
  <body>
    Q. What does the dog say?
    A. woof!

    Q. What does the cat say?
    A. meow!

    Q. What does the fox say?
    A. ????
  </body>
</html>
